// Jest Snapshot v1, https://goo.gl/fbAQLP

exports[`to test the ProductList components matches the ProductList DOM snapshot 1`] = `
<div>
  <div
    className="input"
  >
    <p
      className="search-title"
    >
      Search below for your favorite product..
    </p>
    <input
      name="search"
      onChange={[Function]}
      type="text"
      value=""
    />
  </div>
  <h2
    className="list-heading"
  >
    AVAILABLE PRODUCTS
  </h2>
  <div
    className="list-container"
  />
</div>
`;

exports[`to test the Productcard components matches the Productcard DOM snapshot 1`] = `
<a
  href="/product/undefined"
  onClick={[Function]}
>
  <div
    className="card"
  >
    <div
      className="card-container"
    >
      <img
        className="card-img"
        height="200px"
        width="200px"
      />
      <div
        className="card-details"
      >
        <h1
          className="card-title"
        />
        <p
          className="card-price"
        >
          $ 
        </p>
      </div>
    </div>
  </div>
</a>
`;
